// Jest Snapshot v1, https://goo.gl/fbAQLP

exports[`matches snapshot 1`] = `
<DocumentFragment>
  <div
    class="Neighborhood text-center m-3"
  >
    <h1>
      LA
    </h1>
    <div
      class="row d-flex justify-content-center"
    >
      <div
        class="col-lg-5 col-xl-4"
      >
        <div
          class="Scores row p-1 d-flex justify-content-center"
        >
          <div
            class="col-4 col-md-3 col-lg-5"
          >
            <div
              class="Score m-3 rounded-circle p-2"
              style="width: 125px; height: 125px; background: rgb(93, 217, 93);"
            >
              <h2>
                10
              </h2>
              <p>
                score
              </p>
            </div>
          </div>
          <div
            class="col-4 col-md-3 col-lg-5"
          >
            <div
              class="Score m-3 rounded-circle p-2"
              style="width: 125px; height: 125px; background: rgb(93, 217, 93);"
            >
              <h2>
                10
              </h2>
              <p>
                score
              </p>
            </div>
          </div>
          <div
            class="col-4 col-md-3 col-lg-5"
          >
            <div
              class="Score m-3 rounded-circle p-2"
              style="width: 125px; height: 125px; background: rgb(93, 217, 93);"
            >
              <h2>
                10
              </h2>
              <p>
                score
              </p>
            </div>
          </div>
        </div>
        <a
          class="btn btn-primary mb-3"
          href="https://www.zillow.com/homes/LA_rb/"
          target="_blank"
        >
          View available properties on Zillow
        </a>
      </div>
      <div
        class="col-lg-6 col-xl-7"
      >
        <img
          alt="LA"
          class="img-fluid img-thumbnail"
          src="imageUrl"
        />
      </div>
    </div>
  </div>
</DocumentFragment>
`;
