// Jest Snapshot v1, https://goo.gl/fbAQLP

exports[`matches snapshot 1`] = `
<DocumentFragment>
  <div
    class="text-center home-hero"
  >
    <div
      class="fw-bold"
      id="alert-container"
    />
    <div
      class="HomeContent"
    >
      <div
        class="Home-heading m-5"
      >
        <h1
          class="text-primary mb-3"
        >
          <img
            alt="Logo"
            class="me-2 Home-logo"
            src="Neighborhoodz-Logo.png"
          />
          Neighborhoodz
        </h1>
        <h3>
          Find your new Neighborhood now!
        </h3>
      </div>
      <div
        class="SearchBar d-flex justify-content-center"
      >
        <div
          class="mb-3"
        >
          <form
            class="input-group"
          >
            <div
              class="form-floating"
            >
              <input
                class="form-control ps-5 pe-5"
                id="city-search"
                name="searchTerm"
                placeholder="Search City, State:"
                value=""
              />
              <label
                for="city-search"
              >
                Search City, State:
              </label>
            </div>
            <button
              class="btn btn-primary"
              data-testid="search-button"
              type="submit"
            >
              <i
                class="fa fa-search"
              />
            </button>
          </form>
        </div>
      </div>
      <div
        class="SearchesCarousel container d-flex justify-content-center"
      >
        <div
          class="col-12 col-md-8 col-lg-6 col-xl-5 col-xxl-4 bg-light rounded text-center p-1"
        >
          <h3>
            Recent Searches
          </h3>
          <p>
            Your most recent searches will be shown here.
          </p>
        </div>
      </div>
    </div>
  </div>
</DocumentFragment>
`;
