// Jest Snapshot v1, https://goo.gl/fbAQLP

exports[`matches snapshot 1`] = `
<DocumentFragment>
  <div
    class="row justify-content-center mb-3"
  >
    <div
      class="col-10 col-sm-9 col-md-8 col-lg-7 mt-5"
    >
      <h1
        class="m-3"
      >
        Login
      </h1>
      <div
        class="card"
      >
        <form>
          <div
            class="m-3"
          >
            <label
              class="form-label"
              for="username"
            >
              Username
            </label>
            <input
              autocomplete="username"
              class="form-control"
              id="username"
              name="username"
              placeholder="Username"
              required=""
              value=""
            />
          </div>
          <div
            class="m-3"
          >
            <label
              class="form-label"
              for="password"
            >
              Password
            </label>
            <input
              autocomplete="current-password"
              class="form-control"
              id="password"
              name="password"
              placeholder="Password"
              required=""
              type="password"
              value=""
            />
          </div>
          <div
            class="m-3 d-flex justify-content-end"
          >
            <button
              class="btn btn-primary btn-lg"
              type="submit"
            >
              Login
            </button>
          </div>
        </form>
      </div>
    </div>
  </div>
</DocumentFragment>
`;
