// Jest Snapshot v1, https://goo.gl/fbAQLP

exports[`matches snapshot 1`] = `
<DocumentFragment>
  <div
    class="row justify-content-center mb-3"
  >
    <div
      class="container col-10 col-sm-9 col-md-8 col-lg-7"
    >
      <div
        class="row mt-3 ms-1 me-1"
      >
        <div
          class="col-5"
        >
          <h1>
            Profile
          </h1>
        </div>
        <div
          class="d-flex justify-content-end col-7"
        >
          <button
            class="btn btn-outline-danger btn-sm"
            style="height: 35px;"
          >
            Delete Account
          </button>
        </div>
      </div>
      <div
        class="card"
      >
        <form>
          <fieldset
            class="m-3"
            disabled=""
          >
            <label
              class="form-label"
              for="username"
            >
              Username
            </label>
            <input
              autocomplete="username"
              class="form-control"
              id="username"
              name="username"
              placeholder="Username"
              value="testuser"
            />
          </fieldset>
          <div
            class="m-3"
          >
            <label
              class="form-label"
              for="first-name"
            >
              First Name
            </label>
            <input
              autocomplete="firstName"
              class="form-control"
              id="first-name"
              name="firstName"
              placeholder="First Name"
              value=""
            />
          </div>
          <div
            class="m-3"
          >
            <label
              class="form-label"
              for="last-name"
            >
              Last Name
            </label>
            <input
              autocomplete="lastName"
              class="form-control"
              id="last-name"
              name="lastName"
              placeholder="Last Name"
              value=""
            />
          </div>
          <div
            class="m-3"
          >
            <label
              class="form-label"
              for="email"
            >
              Email
            </label>
            <input
              autocomplete="email"
              class="form-control"
              id="email"
              name="email"
              placeholder="Email"
              value="test@test.net"
            />
          </div>
          <div
            class="m-3"
          >
            <label
              class="form-label fw-bold"
              for="password"
            >
              Confirm password to save changes:
            </label>
            <input
              autocomplete="password"
              class="form-control"
              id="password"
              name="password"
              placeholder="Password"
              type="password"
              value=""
            />
          </div>
          <div
            class="m-3 d-flex justify-content-end"
          >
            <button
              class="btn btn-primary btn-lg"
              type="submit"
            >
              Save
            </button>
          </div>
        </form>
      </div>
    </div>
  </div>
</DocumentFragment>
`;
