// Jest Snapshot v1, https://goo.gl/fbAQLP

exports[`matches snapshot 1`] = `
<DocumentFragment>
  <div
    class="FavoritesList"
  >
    <div
      class="container col-12 col-sm-9 col-md-8 col-lg-7"
    >
      <div
        class="row mt-3 ms-1 me-1"
      >
        <div
          class="col-12"
        >
          <h1>
            Favorited Hotels
          </h1>
        </div>
      </div>
      <div>
        <h3
          class="text-danger d-flex justify-content-center text-center"
        >
          No Favorites Saved Yet.
        </h3>
        <p
          class="text-danger d-flex justify-content-center text-center"
        >
          Try adding to your favorites after completing a neighborhood search.
        </p>
      </div>
    </div>
  </div>
</DocumentFragment>
`;
