// Jest Snapshot v1, https://goo.gl/fbAQLP

exports[`matches snapshot 1`] = `
<DocumentFragment>
  <div
    class="App"
  >
    <nav
      class="NavBar navbar navbar-expand-lg navbar-light bg-light"
    >
      <div
        class="container-fluid"
      >
        <a
          aria-current="page"
          class="navbar-brand text-primary fs-4 fw-bold"
          href="/"
        >
          <img
            alt="Logo"
            class="me-2"
            src="Neighborhoodz-NavBar-Logo.png"
            style="width: 35px; height: 35px;"
          />
          Neighborhoodz
        </a>
        <button
          aria-controls="navbarTogglerDemo02"
          aria-expanded="false"
          aria-label="Toggle navigation"
          class="navbar-toggler"
          data-bs-target="#navbarTogglerDemo02"
          data-bs-toggle="collapse"
        >
          <span
            class="navbar-toggler-icon"
          />
        </button>
        <div
          class="collapse navbar-collapse"
          id="navbarTogglerDemo02"
        >
          <ul
            class="navbar-nav me-auto mb-2 mb-lg-0"
          >
            <li
              class="nav-item"
            >
              <a
                class="nav-link"
                href="/signup"
              >
                Signup
              </a>
            </li>
            <li
              class="nav-item"
            >
              <a
                class="nav-link"
                href="/login"
              >
                Login
              </a>
            </li>
          </ul>
        </div>
      </div>
    </nav>
    <div>
      <div
        class="text-center home-hero"
      >
        <div
          class="HomeContent mt-3"
        >
          <div
            class="Home-heading mb-3"
          >
            <h1
              class="text-primary mb-3"
            >
              <img
                alt="Logo"
                class="me-2 Home-logo"
                src="Neighborhoodz-Logo.png"
              />
              Neighborhoodz
            </h1>
            <h3>
              Find your new Neighborhood!
            </h3>
          </div>
          <div
            class="fw-bold"
            id="alert-container"
          />
          <div
            class="SearchBar d-flex justify-content-center"
          >
            <div
              class="mb-3"
            >
              <form
                class="input-group"
              >
                <div
                  class="form-floating"
                >
                  <input
                    class="form-control ps-5 pe-5"
                    id="city-search"
                    name="searchTerm"
                    placeholder="Search City, State:"
                    value=""
                  />
                  <label
                    for="city-search"
                  >
                    Search City, State:
                  </label>
                </div>
                <button
                  class="btn btn-primary"
                  data-testid="search-button"
                  type="submit"
                >
                  <i
                    class="fa fa-search"
                  />
                </button>
              </form>
            </div>
          </div>
          <div
            class="SearchesCarousel container d-flex justify-content-center"
          >
            <div
              class="col-12 col-md-8 col-lg-6 col-xl-5 col-xxl-4 bg-light rounded text-center p-1"
            >
              <div
                class="row mb-1"
              >
                <div
                  class="col-11 d-flex justify-content-center"
                >
                  <h3>
                    Recent Searches
                  </h3>
                </div>
              </div>
              <p>
                Your most recent searches will be shown here.
              </p>
            </div>
          </div>
        </div>
      </div>
    </div>
  </div>
</DocumentFragment>
`;
